#
# There is insufficient memory for the Java Runtime Environment to continue.
# Native memory allocation (malloc) failed to allocate 1048576 bytes. Error detail: AllocateHeap
# Possible reasons:
#   The system is out of physical RAM or swap space
#   This process is running with CompressedOops enabled, and the Java Heap may be blocking the growth of the native heap
# Possible solutions:
#   Reduce memory load on the system
#   Increase physical memory or swap space
#   Check if swap backing store is full
#   Decrease Java heap size (-Xmx/-Xms)
#   Decrease number of Java threads
#   Decrease Java thread stack sizes (-Xss)
#   Set larger code cache with -XX:ReservedCodeCacheSize=
#   JVM is running with Unscaled Compressed Oops mode in which the Java heap is
#     placed in the first 4GB address space. The Java Heap base address is the
#     maximum limit for the native heap growth. Please use -XX:HeapBaseMinAddress
#     to set the Java Heap base and to place the Java Heap above 4GB virtual address.
# This output file may be truncated or incomplete.
#
#  Out of Memory Error (allocation.cpp:44), pid=23032, tid=4400
#
# JRE version: OpenJDK Runtime Environment Temurin-21.0.11+10 (21.0.11+10) (build 21.0.11+10-LTS)
# Java VM: OpenJDK 64-Bit Server VM Temurin-21.0.11+10 (21.0.11+10-LTS, mixed mode, sharing, tiered, compressed oops, compressed class ptrs, parallel gc, windows-amd64)
# No core dump will be written. Minidumps are not enabled by default on client versions of Windows
#

---------------  S U M M A R Y ------------

Command Line: --add-modules=ALL-SYSTEM --add-opens=java.base/java.util=ALL-UNNAMED --add-opens=java.base/java.lang=ALL-UNNAMED --add-opens=java.base/sun.nio.fs=ALL-UNNAMED -Declipse.application=org.eclipse.jdt.ls.core.id1 -Dosgi.bundles.defaultStartLevel=4 -Declipse.product=org.eclipse.jdt.ls.core.product -Djava.import.generatesMetadataFilesAtProjectRoot=false -DDetectVMInstallationsJob.disabled=true -Dfile.encoding=utf8 -XX:+UseParallelGC -XX:GCTimeRatio=4 -XX:AdaptiveSizePolicyWeight=90 -Dsun.zip.disableMemoryMapping=true -Xmx2G -Xms100m -Xlog:disable -javaagent:c:\Users\thao\.vscode\extensions\redhat.java-1.55.0-win32-x64\lombok\lombok-1.18.39-4050.jar -XX:+HeapDumpOnOutOfMemoryError -XX:HeapDumpPath=c:\Users\thao\AppData\Roaming\Code\User\workspaceStorage\fdf4b18b8c8391e983e1f24bcb8bbfbd\redhat.java -Daether.dependencyCollector.impl=bf c:\Users\thao\.vscode\extensions\redhat.java-1.55.0-win32-x64\server\plugins\org.eclipse.equinox.launcher_1.7.200.v20260619-2039.jar -configuration c:\Users\thao\AppData\Roaming\Code\User\globalStorage\redhat.java\1.55.0\config_win -data c:\Users\thao\AppData\Roaming\Code\User\workspaceStorage\fdf4b18b8c8391e983e1f24bcb8bbfbd\redhat.java\jdt_ws --pipe=\\.\pipe\lsp-fb79a2eb224f802b6a142ddf8c3d6bbd-sock

Host: 13th Gen Intel(R) Core(TM) i7-1360P, 16 cores, 15G,  Windows 11 , 64 bit Build 26100 (10.0.26100.8875)
Time: Sat Aug  1 23:14:45 2026 SE Asia Standard Time elapsed time: 2399.144483 seconds (0d 0h 39m 59s)

---------------  T H R E A D  ---------------

Current thread (0x000001f2fa483ff0):  JavaThread "Attach Listener" daemon [_thread_in_vm, id=4400, stack(0x00000009c7200000,0x00000009c7300000) (1024K)]

Stack: [0x00000009c7200000,0x00000009c7300000]
Native frames: (J=compiled Java code, j=interpreted, Vv=VM code, C=native code)
V  [jvm.dll+0x6d7e19]
V  [jvm.dll+0x8b5096]
V  [jvm.dll+0x8b764e]
V  [jvm.dll+0x8b7d33]
V  [jvm.dll+0x284596]
V  [jvm.dll+0xc13c7]
V  [jvm.dll+0x6d86c9]
V  [jvm.dll+0x133616]
V  [jvm.dll+0x3f868e]
V  [jvm.dll+0x85fb0d]
V  [jvm.dll+0x6d664d]
C  [ucrtbase.dll+0x2cd30]
C  [KERNEL32.DLL+0x2e957]
C  [ntdll.dll+0xaad6c]


---------------  P R O C E S S  ---------------

Threads class SMR info:
_java_thread_list=0x000001f2e32b2570, length=51, elements={
0x000001f2fa4efb60, 0x000001f2fa59d540, 0x000001f2fa59e760, 0x000001f2fa483330,
0x000001f2fa483ff0, 0x000001f2ff275480, 0x000001f2fa48b5b0, 0x000001f2ff2837e0,
0x000001f2ff293560, 0x000001f2ff4af4b0, 0x000001f2d9044db0, 0x000001f2d9b0e900,
0x000001f2d99ef390, 0x000001f2d99bed60, 0x000001f2d99bffb0, 0x000001f2da15c940,
0x000001f2ff3f84b0, 0x000001f2d9ff8e50, 0x000001f2d9f62950, 0x000001f2d9f62fe0,
0x000001f2d9f650b0, 0x000001f2d9f64390, 0x000001f2db274460, 0x000001f2db275810,
0x000001f2db275ea0, 0x000001f2db276530, 0x000001f2db275180, 0x000001f2db2730b0,
0x000001f2db276bc0, 0x000001f2db274af0, 0x000001f2db273740, 0x000001f2db277250,
0x000001f2db273dd0, 0x000001f2db2799b0, 0x000001f2db278c90, 0x000001f2db277f70,
0x000001f2db2778e0, 0x000001f2db27a040, 0x000001f2db27a6d0, 0x000001f2db279320,
0x000001f2dbdf6f10, 0x000001f2dbdf4e40, 0x000001f2dbdfaa20, 0x000001f2dbdfb740,
0x000001f2dbdfc460, 0x000001f2dd909130, 0x000001f2dd907d80, 0x000001f2dd9076f0,
0x000001f2dd907060, 0x000001f2dd90a4e0, 0x000001f2dd90cc40
}

Java Threads: ( => current thread )
  0x000001f2fa4efb60 JavaThread "main"                              [_thread_blocked, id=14572, stack(0x00000009c6b00000,0x00000009c6c00000) (1024K)]
  0x000001f2fa59d540 JavaThread "Reference Handler"          daemon [_thread_blocked, id=12720, stack(0x00000009c6f00000,0x00000009c7000000) (1024K)]
  0x000001f2fa59e760 JavaThread "Finalizer"                  daemon [_thread_blocked, id=15488, stack(0x00000009c7000000,0x00000009c7100000) (1024K)]
  0x000001f2fa483330 JavaThread "Signal Dispatcher"          daemon [_thread_blocked, id=24464, stack(0x00000009c7100000,0x00000009c7200000) (1024K)]
=>0x000001f2fa483ff0 JavaThread "Attach Listener"            daemon [_thread_in_vm, id=4400, stack(0x00000009c7200000,0x00000009c7300000) (1024K)]
  0x000001f2ff275480 JavaThread "Service Thread"             daemon [_thread_blocked, id=11136, stack(0x00000009c7300000,0x00000009c7400000) (1024K)]
  0x000001f2fa48b5b0 JavaThread "Monitor Deflation Thread"   daemon [_thread_blocked, id=8712, stack(0x00000009c7400000,0x00000009c7500000) (1024K)]
  0x000001f2ff2837e0 JavaThread "C2 CompilerThread0"         daemon [_thread_blocked, id=460, stack(0x00000009c7500000,0x00000009c7600000) (1024K)]
  0x000001f2ff293560 JavaThread "C1 CompilerThread0"         daemon [_thread_blocked, id=26196, stack(0x00000009c7600000,0x00000009c7700000) (1024K)]
  0x000001f2ff4af4b0 JavaThread "Common-Cleaner"             daemon [_thread_blocked, id=24344, stack(0x00000009c7a00000,0x00000009c7b00000) (1024K)]
  0x000001f2d9044db0 JavaThread "Notification Thread"        daemon [_thread_blocked, id=4680, stack(0x00000009c7b00000,0x00000009c7c00000) (1024K)]
  0x000001f2d9b0e900 JavaThread "Active Thread: Equinox Container: c3062d8c-4187-4a53-acc3-dd54772d2e66"        [_thread_blocked, id=2348, stack(0x00000009c8300000,0x00000009c8400000) (1024K)]
  0x000001f2d99ef390 JavaThread "Refresh Thread: Equinox Container: c3062d8c-4187-4a53-acc3-dd54772d2e66" daemon [_thread_blocked, id=1344, stack(0x00000009c8500000,0x00000009c8600000) (1024K)]
  0x000001f2d99bed60 JavaThread "Framework Event Dispatcher: Equinox Container: c3062d8c-4187-4a53-acc3-dd54772d2e66" daemon [_thread_blocked, id=3772, stack(0x00000009c8600000,0x00000009c8700000) (1024K)]
  0x000001f2d99bffb0 JavaThread "Start Level: Equinox Container: c3062d8c-4187-4a53-acc3-dd54772d2e66" daemon [_thread_blocked, id=24888, stack(0x00000009c8700000,0x00000009c8800000) (1024K)]
  0x000001f2da15c940 JavaThread "Bundle File Closer"         daemon [_thread_blocked, id=3080, stack(0x00000009c8b00000,0x00000009c8c00000) (1024K)]
  0x000001f2ff3f84b0 JavaThread "SCR Component Actor"        daemon [_thread_blocked, id=2064, stack(0x00000009c7700000,0x00000009c7800000) (1024K)]
  0x000001f2d9ff8e50 JavaThread "Worker-JM"                         [_thread_blocked, id=24824, stack(0x00000009c8c00000,0x00000009c8d00000) (1024K)]
  0x000001f2d9f62950 JavaThread "JNA Cleaner"                daemon [_thread_blocked, id=3716, stack(0x00000009c7800000,0x00000009c7900000) (1024K)]
  0x000001f2d9f62fe0 JavaThread "Worker-0"                          [_thread_blocked, id=11524, stack(0x00000009c7900000,0x00000009c7a00000) (1024K)]
  0x000001f2d9f650b0 JavaThread "Java indexing"              daemon [_thread_blocked, id=26808, stack(0x00000009c9300000,0x00000009c9400000) (1024K)]
  0x000001f2d9f64390 JavaThread "Worker-3"                          [_thread_blocked, id=17308, stack(0x00000009c9600000,0x00000009c9700000) (1024K)]
  0x000001f2db274460 JavaThread "Thread-1"                   daemon [_thread_in_native, id=28160, stack(0x00000009c9800000,0x00000009c9900000) (1024K)]
  0x000001f2db275810 JavaThread "Thread-2"                   daemon [_thread_in_native, id=28164, stack(0x00000009c9900000,0x00000009c9a00000) (1024K)]
  0x000001f2db275ea0 JavaThread "Thread-3"                   daemon [_thread_in_native, id=28172, stack(0x00000009c9a00000,0x00000009c9b00000) (1024K)]
  0x000001f2db276530 JavaThread "Thread-4"                   daemon [_thread_in_native, id=28284, stack(0x00000009c9b00000,0x00000009c9c00000) (1024K)]
  0x000001f2db275180 JavaThread "Thread-5"                   daemon [_thread_in_native, id=28280, stack(0x00000009c9c00000,0x00000009c9d00000) (1024K)]
  0x000001f2db2730b0 JavaThread "Thread-6"                   daemon [_thread_in_native, id=28288, stack(0x00000009c9d00000,0x00000009c9e00000) (1024K)]
  0x000001f2db276bc0 JavaThread "Thread-7"                   daemon [_thread_in_native, id=10916, stack(0x00000009c9e00000,0x00000009c9f00000) (1024K)]
  0x000001f2db274af0 JavaThread "Thread-8"                   daemon [_thread_in_native, id=4156, stack(0x00000009c9f00000,0x00000009ca000000) (1024K)]
  0x000001f2db273740 JavaThread "Thread-9"                   daemon [_thread_in_native, id=28448, stack(0x00000009ca000000,0x00000009ca100000) (1024K)]
  0x000001f2db277250 JavaThread "Thread-10"                  daemon [_thread_in_native, id=12212, stack(0x00000009ca100000,0x00000009ca200000) (1024K)]
  0x000001f2db273dd0 JavaThread "Thread-11"                  daemon [_thread_in_native, id=26876, stack(0x00000009ca200000,0x00000009ca300000) (1024K)]
  0x000001f2db2799b0 JavaThread "Thread-12"                  daemon [_thread_in_native, id=26780, stack(0x00000009ca300000,0x00000009ca400000) (1024K)]
  0x000001f2db278c90 JavaThread "Thread-13"                  daemon [_thread_in_native, id=16588, stack(0x00000009ca400000,0x00000009ca500000) (1024K)]
  0x000001f2db277f70 JavaThread "Thread-14"                  daemon [_thread_in_native, id=26820, stack(0x00000009ca500000,0x00000009ca600000) (1024K)]
  0x000001f2db2778e0 JavaThread "Thread-15"                  daemon [_thread_in_native, id=10488, stack(0x00000009ca600000,0x00000009ca700000) (1024K)]
  0x000001f2db27a040 JavaThread "Thread-16"                  daemon [_thread_in_native, id=26704, stack(0x00000009ca700000,0x00000009ca800000) (1024K)]
  0x000001f2db27a6d0 JavaThread "Thread-17"                  daemon [_thread_in_native, id=27308, stack(0x00000009ca800000,0x00000009ca900000) (1024K)]
  0x000001f2db279320 JavaThread "pool-2-thread-1"                   [_thread_blocked, id=27324, stack(0x00000009ca900000,0x00000009caa00000) (1024K)]
  0x000001f2dbdf6f10 JavaThread "WorkspaceEventsHandler"            [_thread_blocked, id=28632, stack(0x00000009c9500000,0x00000009c9600000) (1024K)]
  0x000001f2dbdf4e40 JavaThread "pool-1-thread-1"                   [_thread_blocked, id=28616, stack(0x00000009cab00000,0x00000009cac00000) (1024K)]
  0x000001f2dbdfaa20 JavaThread "PatternSearchJob-worker-3"  daemon [_thread_blocked, id=8212, stack(0x00000009cb500000,0x00000009cb600000) (1024K)]
  0x000001f2dbdfb740 JavaThread "PatternSearchJob-worker-6"  daemon [_thread_blocked, id=5140, stack(0x00000009cb800000,0x00000009cb900000) (1024K)]
  0x000001f2dbdfc460 JavaThread "PatternSearchJob-worker-8"  daemon [_thread_blocked, id=2728, stack(0x00000009cba00000,0x00000009cbb00000) (1024K)]
  0x000001f2dd909130 JavaThread "PatternSearchJob-worker-9"  daemon [_thread_blocked, id=9408, stack(0x00000009cbb00000,0x00000009cbc00000) (1024K)]
  0x000001f2dd907d80 JavaThread "PatternSearchJob-worker-10" daemon [_thread_blocked, id=27712, stack(0x00000009cbc00000,0x00000009cbd00000) (1024K)]
  0x000001f2dd9076f0 JavaThread "PatternSearchJob-worker-12" daemon [_thread_blocked, id=27984, stack(0x00000009cbe00000,0x00000009cbf00000) (1024K)]
  0x000001f2dd907060 JavaThread "PatternSearchJob-worker-14" daemon [_thread_blocked, id=27916, stack(0x00000009cc000000,0x00000009cc100000) (1024K)]
  0x000001f2dd90a4e0 JavaThread "PatternSearchJob-worker-15" daemon [_thread_blocked, id=26552, stack(0x00000009cc100000,0x00000009cc200000) (1024K)]
  0x000001f2dd90cc40 JavaThread "Cleaner-0"                  daemon [_thread_blocked, id=24524, stack(0x00000009cc200000,0x00000009cc300000) (1024K)]
Total: 51

Other Threads:
  0x000001f2fa474990 VMThread "VM Thread"                           [id=13816, stack(0x00000009c6e00000,0x00000009c6f00000) (1024K)]
  0x000001f2fa36ca00 WatcherThread "VM Periodic Task Thread"        [id=4308, stack(0x00000009c6d00000,0x00000009c6e00000) (1024K)]
  0x000001f2fa507050 WorkerThread "GC Thread#0"                     [id=24696, stack(0x00000009c6c00000,0x00000009c6d00000) (1024K)]
  0x000001f2d9b03050 WorkerThread "GC Thread#1"                     [id=18072, stack(0x00000009c7d00000,0x00000009c7e00000) (1024K)]
  0x000001f2d96c3b40 WorkerThread "GC Thread#2"                     [id=1840, stack(0x00000009c7e00000,0x00000009c7f00000) (1024K)]
  0x000001f2d96c3ef0 WorkerThread "GC Thread#3"                     [id=1572, stack(0x00000009c7f00000,0x00000009c8000000) (1024K)]
  0x000001f2d96c42a0 WorkerThread "GC Thread#4"                     [id=16380, stack(0x00000009c8000000,0x00000009c8100000) (1024K)]
  0x000001f2d96c4650 WorkerThread "GC Thread#5"                     [id=12892, stack(0x00000009c8100000,0x00000009c8200000) (1024K)]
  0x000001f2d97c40b0 WorkerThread "GC Thread#6"                     [id=9552, stack(0x00000009c8200000,0x00000009c8300000) (1024K)]
  0x000001f2d9901bf0 WorkerThread "GC Thread#7"                     [id=2816, stack(0x00000009c8400000,0x00000009c8500000) (1024K)]
  0x000001f2d9f2fbe0 WorkerThread "GC Thread#8"                     [id=23044, stack(0x00000009c8800000,0x00000009c8900000) (1024K)]
  0x000001f2da134010 WorkerThread "GC Thread#9"                     [id=9056, stack(0x00000009c8900000,0x00000009c8a00000) (1024K)]
  0x000001f2da1343c0 WorkerThread "GC Thread#10"                    [id=2892, stack(0x00000009c8a00000,0x00000009c8b00000) (1024K)]
  0x000001f2da2d8f00 WorkerThread "GC Thread#11"                    [id=11832, stack(0x00000009c8e00000,0x00000009c8f00000) (1024K)]
  0x000001f2da2d9660 WorkerThread "GC Thread#12"                    [id=11572, stack(0x00000009c8f00000,0x00000009c9000000) (1024K)]
Total: 15

Threads with active compile tasks:
Total: 0

VM state: not at safepoint (normal execution)

VM Mutex/Monitor currently owned by a thread: None

Heap address: 0x0000000080000000, size: 2048 MB, Compressed Oops mode: 32-bit

CDS archive(s) mapped at: [0x000001f293000000-0x000001f293ba0000-0x000001f293ba0000), size 12189696, SharedBaseAddress: 0x000001f293000000, ArchiveRelocationMode: 1.
Compressed class space mapped at: 0x000001f294000000-0x000001f2d4000000, reserved size: 1073741824
Narrow klass base: 0x000001f293000000, Narrow klass shift: 0, Narrow klass range: 0x100000000

GC Precious Log:
 CardTable entry size: 512
 CPUs: 16 total, 16 available
 Memory: 16008M
 Large Page Support: Disabled
 NUMA Support: Disabled
 Compressed Oops: Enabled (32-bit)
 Alignments: Space 512K, Generation 512K, Heap 2M
 Heap Min Capacity: 100M
 Heap Initial Capacity: 100M
 Heap Max Capacity: 2G
 Pre-touch: Disabled
 Parallel Workers: 13

Heap:
 PSYoungGen      total 3072K, used 2520K [0x00000000d5580000, 0x00000000d5980000, 0x0000000100000000)
  eden space 2560K, 87% used [0x00000000d5580000,0x00000000d57ae178,0x00000000d5800000)
  from space 512K, 56% used [0x00000000d5880000,0x00000000d58c8000,0x00000000d5900000)
  to   space 512K, 0% used [0x00000000d5900000,0x00000000d5900000,0x00000000d5980000)
 ParOldGen       total 267776K, used 267407K [0x0000000080000000, 0x0000000090580000, 0x00000000d5580000)
  object space 267776K, 99% used [0x0000000080000000,0x0000000090523db8,0x0000000090580000)
 Metaspace       used 74184K, committed 76032K, reserved 1179648K
  class space    used 7746K, committed 8576K, reserved 1048576K

Card table byte_map: [0x000001f2f9e80000,0x000001f2fa290000] _byte_map_base: 0x000001f2f9a80000

Marking Bits: (ParMarkBitMap*) 0x00007ffd2e0f4460
 Begin Bits: [0x000001f28f000000, 0x000001f291000000)
 End Bits:   [0x000001f291000000, 0x000001f293000000)

Polling page: 0x000001f2f82e0000

Metaspace:

Usage:
  Non-class:     64.88 MB used.
      Class:      7.56 MB used.
       Both:     72.45 MB used.

Virtual space:
  Non-class space:      128.00 MB reserved,      65.88 MB ( 51%) committed,  2 nodes.
      Class space:        1.00 GB reserved,       8.38 MB ( <1%) committed,  1 nodes.
             Both:        1.12 GB reserved,      74.25 MB (  6%) committed. 

Chunk freelists:
   Non-Class:  14.04 MB
       Class:  7.68 MB
        Both:  21.73 MB

MaxMetaspaceSize: unlimited
CompressedClassSpaceSize: 1.00 GB
Initial GC threshold: 21.00 MB
Current GC threshold: 97.31 MB
CDS: on
 - commit_granule_bytes: 65536.
 - commit_granule_words: 8192.
 - virtual_space_node_default_size: 8388608.
 - enlarge_chunks_in_place: 1.
 - use_allocation_guard: 0.


Internal statistics:

num_allocs_failed_limit: 9.
num_arena_births: 1418.
num_arena_deaths: 14.
num_vsnodes_births: 3.
num_vsnodes_deaths: 0.
num_space_committed: 1188.
num_space_uncommitted: 0.
num_chunks_returned_to_freelist: 23.
num_chunks_taken_from_freelist: 5054.
num_chunk_merges: 10.
num_chunk_splits: 3050.
num_chunks_enlarged: 1695.
num_inconsistent_stats: 0.

CodeHeap 'non-profiled nmethods': size=119168Kb used=11970Kb max_used=11970Kb free=107197Kb
 bounds [0x000001f287ba0000, 0x000001f288760000, 0x000001f28f000000]
CodeHeap 'profiled nmethods': size=119104Kb used=32432Kb max_used=32432Kb free=86671Kb
 bounds [0x000001f280000000, 0x000001f281fb0000, 0x000001f287450000]
CodeHeap 'non-nmethods': size=7488Kb used=1463Kb max_used=3231Kb free=6024Kb
 bounds [0x000001f287450000, 0x000001f287790000, 0x000001f287ba0000]
CodeCache: size=245760Kb, used=45865Kb, max_used=47633Kb, free=199892Kb
 total_blobs=14444, nmethods=13660, adapters=687, full_count=0
Compilation: enabled, stopped_count=0, restarted_count=0

Compilation events (20 events):
Event: 1802.658 Thread 0x000001f2ff293560 14439       3       java.util.concurrent.ScheduledThreadPoolExecutor$DelayedWorkQueue::add (6 bytes)
Event: 1802.658 Thread 0x000001f2ff293560 nmethod 14439 0x000001f281fa1290 code [0x000001f281fa1440, 0x000001f281fa1598]
Event: 1802.658 Thread 0x000001f2ff293560 14440   !   3       java.util.concurrent.ScheduledThreadPoolExecutor$DelayedWorkQueue::offer (123 bytes)
Event: 1802.660 Thread 0x000001f2ff293560 nmethod 14440 0x000001f281fa1690 code [0x000001f281fa19a0, 0x000001f281fa2d40]
Event: 1802.660 Thread 0x000001f2ff293560 14441       3       java.util.concurrent.ThreadPoolExecutor::ensurePrestart (41 bytes)
Event: 1802.661 Thread 0x000001f2ff293560 nmethod 14441 0x000001f281fa3590 code [0x000001f281fa3760, 0x000001f281fa3a10]
Event: 1824.037 Thread 0x000001f2ff293560 14442       3       java.util.concurrent.ScheduledThreadPoolExecutor$ScheduledFutureTask::run (57 bytes)
Event: 1824.039 Thread 0x000001f2ff293560 nmethod 14442 0x000001f281fa3b10 code [0x000001f281fa3d40, 0x000001f281fa42b0]
Event: 1962.399 Thread 0x000001f2ff293560 14443   !   3       java.util.logging.LogManager::ensureLogManagerInitialized (144 bytes)
Event: 1962.401 Thread 0x000001f2ff293560 nmethod 14443 0x000001f281fa4490 code [0x000001f281fa47a0, 0x000001f281fa58c0]
Event: 2042.760 Thread 0x000001f2ff293560 14444       1       org.eclipse.osgi.internal.framework.EquinoxContainer::getStorage (5 bytes)
Event: 2042.760 Thread 0x000001f2ff293560 nmethod 14444 0x000001f288750590 code [0x000001f288750720, 0x000001f2887507e8]
Event: 2166.307 Thread 0x000001f2ff293560 14445       3       org.eclipse.core.internal.jobs.JobManager::startJob (89 bytes)
Event: 2166.310 Thread 0x000001f2ff293560 nmethod 14445 0x000001f281fa5e90 code [0x000001f281fa6140, 0x000001f281fa6fa0]
Event: 2166.310 Thread 0x000001f2ff293560 14446   !   3       org.eclipse.core.internal.jobs.JobManager::nextJob (291 bytes)
Event: 2166.316 Thread 0x000001f2ff293560 nmethod 14446 0x000001f281fa7410 code [0x000001f281fa78a0, 0x000001f281fa99d8]
Event: 2286.322 Thread 0x000001f2ff293560 14447   !   3       org.eclipse.core.internal.jobs.JobManager::sleepHint (67 bytes)
Event: 2286.323 Thread 0x000001f2ff293560 nmethod 14447 0x000001f281faab10 code [0x000001f281faad80, 0x000001f281fab850]
Event: 2286.323 Thread 0x000001f2ff293560 14448       3       org.eclipse.core.internal.jobs.JobQueue::isEmpty (18 bytes)
Event: 2286.323 Thread 0x000001f2ff293560 nmethod 14448 0x000001f281fabd10 code [0x000001f281fabec0, 0x000001f281fac050]

GC Heap History (20 events):
Event: 465.965 GC heap before
{Heap before GC invocations=357 (full 3):
 PSYoungGen      total 3584K, used 3136K [0x00000000d5580000, 0x00000000d5a00000, 0x0000000100000000)
  eden space 2560K, 100% used [0x00000000d5580000,0x00000000d5800000,0x00000000d5800000)
  from space 1024K, 56% used [0x00000000d5800000,0x00000000d5890000,0x00000000d5900000)
  to   space 1024K, 0% used [0x00000000d5900000,0x00000000d5900000,0x00000000d5a00000)
 ParOldGen       total 263680K, used 263517K [0x0000000080000000, 0x0000000090180000, 0x00000000d5580000)
  object space 263680K, 99% used [0x0000000080000000,0x00000000901574f8,0x0000000090180000)
 Metaspace       used 73845K, committed 75584K, reserved 1179648K
  class space    used 7740K, committed 8512K, reserved 1048576K
}
Event: 465.969 GC heap after
{Heap after GC invocations=357 (full 3):
 PSYoungGen      total 3072K, used 288K [0x00000000d5580000, 0x00000000d5980000, 0x0000000100000000)
  eden space 2560K, 0% used [0x00000000d5580000,0x00000000d5580000,0x00000000d5800000)
  from space 512K, 56% used [0x00000000d5900000,0x00000000d5948000,0x00000000d5980000)
  to   space 512K, 0% used [0x00000000d5880000,0x00000000d5880000,0x00000000d5900000)
 ParOldGen       total 264192K, used 263917K [0x0000000080000000, 0x0000000090200000, 0x00000000d5580000)
  object space 264192K, 99% used [0x0000000080000000,0x00000000901bb4f8,0x0000000090200000)
 Metaspace       used 73845K, committed 75584K, reserved 1179648K
  class space    used 7740K, committed 8512K, reserved 1048576K
}
Event: 466.876 GC heap before
{Heap before GC invocations=358 (full 3):
 PSYoungGen      total 3072K, used 2848K [0x00000000d5580000, 0x00000000d5980000, 0x0000000100000000)
  eden space 2560K, 100% used [0x00000000d5580000,0x00000000d5800000,0x00000000d5800000)
  from space 512K, 56% used [0x00000000d5900000,0x00000000d5948000,0x00000000d5980000)
  to   space 512K, 0% used [0x00000000d5880000,0x00000000d5880000,0x00000000d5900000)
 ParOldGen       total 264192K, used 263917K [0x0000000080000000, 0x0000000090200000, 0x00000000d5580000)
  object space 264192K, 99% used [0x0000000080000000,0x00000000901bb4f8,0x0000000090200000)
 Metaspace       used 73856K, committed 75648K, reserved 1179648K
  class space    used 7740K, committed 8512K, reserved 1048576K
}
Event: 466.880 GC heap after
{Heap after GC invocations=358 (full 3):
 PSYoungGen      total 3072K, used 484K [0x00000000d5580000, 0x00000000d5a00000, 0x0000000100000000)
  eden space 2560K, 0% used [0x00000000d5580000,0x00000000d5580000,0x00000000d5800000)
  from space 512K, 94% used [0x00000000d5880000,0x00000000d58f9210,0x00000000d5900000)
  to   space 1024K, 0% used [0x00000000d5900000,0x00000000d5900000,0x00000000d5a00000)
 ParOldGen       total 264192K, used 264021K [0x0000000080000000, 0x0000000090200000, 0x00000000d5580000)
  object space 264192K, 99% used [0x0000000080000000,0x00000000901d54f8,0x0000000090200000)
 Metaspace       used 73856K, committed 75648K, reserved 1179648K
  class space    used 7740K, committed 8512K, reserved 1048576K
}
Event: 466.970 GC heap before
{Heap before GC invocations=359 (full 3):
 PSYoungGen      total 3072K, used 3044K [0x00000000d5580000, 0x00000000d5a00000, 0x0000000100000000)
  eden space 2560K, 99% used [0x00000000d5580000,0x00000000d57ffff0,0x00000000d5800000)
  from space 512K, 94% used [0x00000000d5880000,0x00000000d58f9210,0x00000000d5900000)
  to   space 1024K, 0% used [0x00000000d5900000,0x00000000d5900000,0x00000000d5a00000)
 ParOldGen       total 264192K, used 264021K [0x0000000080000000, 0x0000000090200000, 0x00000000d5580000)
  object space 264192K, 99% used [0x0000000080000000,0x00000000901d54f8,0x0000000090200000)
 Metaspace       used 73926K, committed 75776K, reserved 1179648K
  class space    used 7740K, committed 8512K, reserved 1048576K
}
Event: 466.971 GC heap after
{Heap after GC invocations=359 (full 3):
 PSYoungGen      total 3584K, used 596K [0x00000000d5580000, 0x00000000d5a00000, 0x0000000100000000)
  eden space 2560K, 0% used [0x00000000d5580000,0x00000000d5580000,0x00000000d5800000)
  from space 1024K, 58% used [0x00000000d5900000,0x00000000d5995200,0x00000000d5a00000)
  to   space 1024K, 0% used [0x00000000d5800000,0x00000000d5800000,0x00000000d5900000)
 ParOldGen       total 264704K, used 264481K [0x0000000080000000, 0x0000000090280000, 0x00000000d5580000)
  object space 264704K, 99% used [0x0000000080000000,0x0000000090248708,0x0000000090280000)
 Metaspace       used 73926K, committed 75776K, reserved 1179648K
  class space    used 7740K, committed 8512K, reserved 1048576K
}
Event: 466.984 GC heap before
{Heap before GC invocations=360 (full 3):
 PSYoungGen      total 3584K, used 3156K [0x00000000d5580000, 0x00000000d5a00000, 0x0000000100000000)
  eden space 2560K, 100% used [0x00000000d5580000,0x00000000d5800000,0x00000000d5800000)
  from space 1024K, 58% used [0x00000000d5900000,0x00000000d5995200,0x00000000d5a00000)
  to   space 1024K, 0% used [0x00000000d5800000,0x00000000d5800000,0x00000000d5900000)
 ParOldGen       total 264704K, used 264481K [0x0000000080000000, 0x0000000090280000, 0x00000000d5580000)
  object space 264704K, 99% used [0x0000000080000000,0x0000000090248708,0x0000000090280000)
 Metaspace       used 73937K, committed 75776K, reserved 1179648K
  class space    used 7740K, committed 8512K, reserved 1048576K
}
Event: 466.985 GC heap after
{Heap after GC invocations=360 (full 3):
 PSYoungGen      total 3584K, used 720K [0x00000000d5580000, 0x00000000d5a00000, 0x0000000100000000)
  eden space 2560K, 0% used [0x00000000d5580000,0x00000000d5580000,0x00000000d5800000)
  from space 1024K, 70% used [0x00000000d5800000,0x00000000d58b4010,0x00000000d5900000)
  to   space 1024K, 0% used [0x00000000d5900000,0x00000000d5900000,0x00000000d5a00000)
 ParOldGen       total 265216K, used 264838K [0x0000000080000000, 0x0000000090300000, 0x00000000d5580000)
  object space 265216K, 99% used [0x0000000080000000,0x00000000902a1908,0x0000000090300000)
 Metaspace       used 73937K, committed 75776K, reserved 1179648K
  class space    used 7740K, committed 8512K, reserved 1048576K
}
Event: 467.012 GC heap before
{Heap before GC invocations=361 (full 3):
 PSYoungGen      total 3584K, used 3280K [0x00000000d5580000, 0x00000000d5a00000, 0x0000000100000000)
  eden space 2560K, 100% used [0x00000000d5580000,0x00000000d5800000,0x00000000d5800000)
  from space 1024K, 70% used [0x00000000d5800000,0x00000000d58b4010,0x00000000d5900000)
  to   space 1024K, 0% used [0x00000000d5900000,0x00000000d5900000,0x00000000d5a00000)
 ParOldGen       total 265216K, used 264838K [0x0000000080000000, 0x0000000090300000, 0x00000000d5580000)
  object space 265216K, 99% used [0x0000000080000000,0x00000000902a1908,0x0000000090300000)
 Metaspace       used 73967K, committed 75776K, reserved 1179648K
  class space    used 7741K, committed 8512K, reserved 1048576K
}
Event: 467.014 GC heap after
{Heap after GC invocations=361 (full 3):
 PSYoungGen      total 3584K, used 820K [0x00000000d5580000, 0x00000000d5a00000, 0x0000000100000000)
  eden space 2560K, 0% used [0x00000000d5580000,0x00000000d5580000,0x00000000d5800000)
  from space 1024K, 80% used [0x00000000d5900000,0x00000000d59cd200,0x00000000d5a00000)
  to   space 1024K, 0% used [0x00000000d5800000,0x00000000d5800000,0x00000000d5900000)
 ParOldGen       total 265728K, used 265362K [0x0000000080000000, 0x0000000090380000, 0x00000000d5580000)
  object space 265728K, 99% used [0x0000000080000000,0x0000000090324928,0x0000000090380000)
 Metaspace       used 73967K, committed 75776K, reserved 1179648K
  class space    used 7741K, committed 8512K, reserved 1048576K
}
Event: 467.027 GC heap before
{Heap before GC invocations=362 (full 3):
 PSYoungGen      total 3584K, used 3380K [0x00000000d5580000, 0x00000000d5a00000, 0x0000000100000000)
  eden space 2560K, 100% used [0x00000000d5580000,0x00000000d5800000,0x00000000d5800000)
  from space 1024K, 80% used [0x00000000d5900000,0x00000000d59cd200,0x00000000d5a00000)
  to   space 1024K, 0% used [0x00000000d5800000,0x00000000d5800000,0x00000000d5900000)
 ParOldGen       total 265728K, used 265362K [0x0000000080000000, 0x0000000090380000, 0x00000000d5580000)
  object space 265728K, 99% used [0x0000000080000000,0x0000000090324928,0x0000000090380000)
 Metaspace       used 73974K, committed 75840K, reserved 1179648K
  class space    used 7742K, committed 8512K, reserved 1048576K
}
Event: 467.029 GC heap after
{Heap after GC invocations=362 (full 3):
 PSYoungGen      total 3584K, used 416K [0x00000000d5580000, 0x00000000d5a00000, 0x0000000100000000)
  eden space 2560K, 0% used [0x00000000d5580000,0x00000000d5580000,0x00000000d5800000)
  from space 1024K, 40% used [0x00000000d5800000,0x00000000d5868000,0x00000000d5900000)
  to   space 1024K, 0% used [0x00000000d5900000,0x00000000d5900000,0x00000000d5a00000)
 ParOldGen       total 266240K, used 266038K [0x0000000080000000, 0x0000000090400000, 0x00000000d5580000)
  object space 266240K, 99% used [0x0000000080000000,0x00000000903cdb38,0x0000000090400000)
 Metaspace       used 73974K, committed 75840K, reserved 1179648K
  class space    used 7742K, committed 8512K, reserved 1048576K
}
Event: 467.047 GC heap before
{Heap before GC invocations=363 (full 3):
 PSYoungGen      total 3584K, used 2976K [0x00000000d5580000, 0x00000000d5a00000, 0x0000000100000000)
  eden space 2560K, 100% used [0x00000000d5580000,0x00000000d5800000,0x00000000d5800000)
  from space 1024K, 40% used [0x00000000d5800000,0x00000000d5868000,0x00000000d5900000)
  to   space 1024K, 0% used [0x00000000d5900000,0x00000000d5900000,0x00000000d5a00000)
 ParOldGen       total 266240K, used 266038K [0x0000000080000000, 0x0000000090400000, 0x00000000d5580000)
  object space 266240K, 99% used [0x0000000080000000,0x00000000903cdb38,0x0000000090400000)
 Metaspace       used 73995K, committed 75840K, reserved 1179648K
  class space    used 7743K, committed 8512K, reserved 1048576K
}
Event: 467.049 GC heap after
{Heap after GC invocations=363 (full 3):
 PSYoungGen      total 3584K, used 788K [0x00000000d5580000, 0x00000000d5a00000, 0x0000000100000000)
  eden space 2560K, 0% used [0x00000000d5580000,0x00000000d5580000,0x00000000d5800000)
  from space 1024K, 77% used [0x00000000d5900000,0x00000000d59c5200,0x00000000d5a00000)
  to   space 1024K, 0% used [0x00000000d5800000,0x00000000d5800000,0x00000000d5900000)
 ParOldGen       total 266752K, used 266354K [0x0000000080000000, 0x0000000090480000, 0x00000000d5580000)
  object space 266752K, 99% used [0x0000000080000000,0x000000009041cb68,0x0000000090480000)
 Metaspace       used 73995K, committed 75840K, reserved 1179648K
  class space    used 7743K, committed 8512K, reserved 1048576K
}
Event: 467.060 GC heap before
{Heap before GC invocations=364 (full 3):
 PSYoungGen      total 3584K, used 3348K [0x00000000d5580000, 0x00000000d5a00000, 0x0000000100000000)
  eden space 2560K, 100% used [0x00000000d5580000,0x00000000d5800000,0x00000000d5800000)
  from space 1024K, 77% used [0x00000000d5900000,0x00000000d59c5200,0x00000000d5a00000)
  to   space 1024K, 0% used [0x00000000d5800000,0x00000000d5800000,0x00000000d5900000)
 ParOldGen       total 266752K, used 266354K [0x0000000080000000, 0x0000000090480000, 0x00000000d5580000)
  object space 266752K, 99% used [0x0000000080000000,0x000000009041cb68,0x0000000090480000)
 Metaspace       used 74009K, committed 75904K, reserved 1179648K
  class space    used 7745K, committed 8576K, reserved 1048576K
}
Event: 467.061 GC heap after
{Heap after GC invocations=364 (full 3):
 PSYoungGen      total 3584K, used 384K [0x00000000d5580000, 0x00000000d5a00000, 0x0000000100000000)
  eden space 2560K, 0% used [0x00000000d5580000,0x00000000d5580000,0x00000000d5800000)
  from space 1024K, 37% used [0x00000000d5800000,0x00000000d5860000,0x00000000d5900000)
  to   space 1024K, 0% used [0x00000000d5900000,0x00000000d5900000,0x00000000d5a00000)
 ParOldGen       total 267264K, used 266955K [0x0000000080000000, 0x0000000090500000, 0x00000000d5580000)
  object space 267264K, 99% used [0x0000000080000000,0x00000000904b2d88,0x0000000090500000)
 Metaspace       used 74009K, committed 75904K, reserved 1179648K
  class space    used 7745K, committed 8576K, reserved 1048576K
}
Event: 615.512 GC heap before
{Heap before GC invocations=365 (full 3):
 PSYoungGen      total 3584K, used 2944K [0x00000000d5580000, 0x00000000d5a00000, 0x0000000100000000)
  eden space 2560K, 100% used [0x00000000d5580000,0x00000000d5800000,0x00000000d5800000)
  from space 1024K, 37% used [0x00000000d5800000,0x00000000d5860000,0x00000000d5900000)
  to   space 1024K, 0% used [0x00000000d5900000,0x00000000d5900000,0x00000000d5a00000)
 ParOldGen       total 267264K, used 266955K [0x0000000080000000, 0x0000000090500000, 0x00000000d5580000)
  object space 267264K, 99% used [0x0000000080000000,0x00000000904b2d88,0x0000000090500000)
 Metaspace       used 74075K, committed 75968K, reserved 1179648K
  class space    used 7746K, committed 8576K, reserved 1048576K
}
Event: 615.514 GC heap after
{Heap after GC invocations=365 (full 3):
 PSYoungGen      total 3072K, used 416K [0x00000000d5580000, 0x00000000d5980000, 0x0000000100000000)
  eden space 2560K, 0% used [0x00000000d5580000,0x00000000d5580000,0x00000000d5800000)
  from space 512K, 81% used [0x00000000d5900000,0x00000000d5968000,0x00000000d5980000)
  to   space 512K, 0% used [0x00000000d5880000,0x00000000d5880000,0x00000000d5900000)
 ParOldGen       total 267264K, used 267175K [0x0000000080000000, 0x0000000090500000, 0x00000000d5580000)
  object space 267264K, 99% used [0x0000000080000000,0x00000000904e9db8,0x0000000090500000)
 Metaspace       used 74075K, committed 75968K, reserved 1179648K
  class space    used 7746K, committed 8576K, reserved 1048576K
}
Event: 617.379 GC heap before
{Heap before GC invocations=366 (full 3):
 PSYoungGen      total 3072K, used 2976K [0x00000000d5580000, 0x00000000d5980000, 0x0000000100000000)
  eden space 2560K, 100% used [0x00000000d5580000,0x00000000d5800000,0x00000000d5800000)
  from space 512K, 81% used [0x00000000d5900000,0x00000000d5968000,0x00000000d5980000)
  to   space 512K, 0% used [0x00000000d5880000,0x00000000d5880000,0x00000000d5900000)
 ParOldGen       total 267264K, used 267175K [0x0000000080000000, 0x0000000090500000, 0x00000000d5580000)
  object space 267264K, 99% used [0x0000000080000000,0x00000000904e9db8,0x0000000090500000)
 Metaspace       used 74114K, committed 75968K, reserved 1179648K
  class space    used 7746K, committed 8576K, reserved 1048576K
}
Event: 617.380 GC heap after
{Heap after GC invocations=366 (full 3):
 PSYoungGen      total 3072K, used 288K [0x00000000d5580000, 0x00000000d5980000, 0x0000000100000000)
  eden space 2560K, 0% used [0x00000000d5580000,0x00000000d5580000,0x00000000d5800000)
  from space 512K, 56% used [0x00000000d5880000,0x00000000d58c8000,0x00000000d5900000)
  to   space 512K, 0% used [0x00000000d5900000,0x00000000d5900000,0x00000000d5980000)
 ParOldGen       total 267776K, used 267407K [0x0000000080000000, 0x0000000090580000, 0x00000000d5580000)
  object space 267776K, 99% used [0x0000000080000000,0x0000000090523db8,0x0000000090580000)
 Metaspace       used 74114K, committed 75968K, reserved 1179648K
  class space    used 7746K, committed 8576K, reserved 1048576K
}

Dll operation events (11 events):
Event: 0.013 Loaded shared library c:\Users\thao\.vscode\extensions\redhat.java-1.55.0-win32-x64\jre\21.0.11-win32-x86_64\bin\java.dll
Event: 0.042 Loaded shared library c:\Users\thao\.vscode\extensions\redhat.java-1.55.0-win32-x64\jre\21.0.11-win32-x86_64\bin\zip.dll
Event: 0.112 Loaded shared library C:\Users\thao\.vscode\extensions\redhat.java-1.55.0-win32-x64\jre\21.0.11-win32-x86_64\bin\instrument.dll
Event: 0.120 Loaded shared library C:\Users\thao\.vscode\extensions\redhat.java-1.55.0-win32-x64\jre\21.0.11-win32-x86_64\bin\net.dll
Event: 0.124 Loaded shared library C:\Users\thao\.vscode\extensions\redhat.java-1.55.0-win32-x64\jre\21.0.11-win32-x86_64\bin\nio.dll
Event: 0.127 Loaded shared library C:\Users\thao\.vscode\extensions\redhat.java-1.55.0-win32-x64\jre\21.0.11-win32-x86_64\bin\zip.dll
Event: 0.151 Loaded shared library C:\Users\thao\.vscode\extensions\redhat.java-1.55.0-win32-x64\jre\21.0.11-win32-x86_64\bin\jimage.dll
Event: 0.250 Loaded shared library c:\Users\thao\.vscode\extensions\redhat.java-1.55.0-win32-x64\jre\21.0.11-win32-x86_64\bin\verify.dll
Event: 1.674 Loaded shared library C:\Users\thao\AppData\Roaming\Code\User\globalStorage\redhat.java\1.55.0\config_win\org.eclipse.equinox.launcher\org.eclipse.equinox.launcher.win32.win32.x86_64_1.3.100.v20260613-0559\eclipse_11924.dll
Event: 6.114 Loaded shared library C:\Users\thao\AppData\Local\Temp\jna-3558818\jna6158880562919300656.dll
Event: 37.275 Loaded shared library C:\Users\thao\.vscode\extensions\redhat.java-1.55.0-win32-x64\jre\21.0.11-win32-x86_64\bin\sunmscapi.dll

Deoptimization events (20 events):
Event: 662.872 Thread 0x000001f2d9f62fe0 DEOPT PACKING pc=0x000001f2885b2348 sp=0x00000009c79feed0
Event: 662.872 Thread 0x000001f2d9f62fe0 DEOPT UNPACKING pc=0x000001f2874a3aa2 sp=0x00000009c79fee60 mode 2
Event: 1254.379 Thread 0x000001f2dc07b4a0 DEOPT PACKING pc=0x000001f281d3a4bb sp=0x00000009c68fe470
Event: 1254.379 Thread 0x000001f2dc07b4a0 DEOPT UNPACKING pc=0x000001f2874a4242 sp=0x00000009c68fd9a8 mode 0
Event: 1309.325 Thread 0x000001f2dc07b4a0 Uncommon trap: trap_request=0xffffffbe fr.pc=0x000001f28874c3a8 relative=0x0000000000000108
Event: 1309.325 Thread 0x000001f2dc07b4a0 Uncommon trap: reason=profile_predicate action=maybe_recompile pc=0x000001f28874c3a8 method=org.eclipse.jdt.core.compiler.CharOperation.splitAndTrimOn(C[C)[[C @ 175 c2
Event: 1309.325 Thread 0x000001f2dc07b4a0 DEOPT PACKING pc=0x000001f28874c3a8 sp=0x00000009c68fe9e0
Event: 1309.325 Thread 0x000001f2dc07b4a0 DEOPT UNPACKING pc=0x000001f2874a3aa2 sp=0x00000009c68fe948 mode 2
Event: 1309.325 Thread 0x000001f2dc07b4a0 Uncommon trap: trap_request=0xffffffbe fr.pc=0x000001f28874c3a8 relative=0x0000000000000108
Event: 1309.325 Thread 0x000001f2dc07b4a0 Uncommon trap: reason=profile_predicate action=maybe_recompile pc=0x000001f28874c3a8 method=org.eclipse.jdt.core.compiler.CharOperation.splitAndTrimOn(C[C)[[C @ 175 c2
Event: 1309.325 Thread 0x000001f2dc07b4a0 DEOPT PACKING pc=0x000001f28874c3a8 sp=0x00000009c68fe9e0
Event: 1309.325 Thread 0x000001f2dc07b4a0 DEOPT UNPACKING pc=0x000001f2874a3aa2 sp=0x00000009c68fe948 mode 2
Event: 1309.325 Thread 0x000001f2dc07b4a0 Uncommon trap: trap_request=0xffffffbe fr.pc=0x000001f28874c3a8 relative=0x0000000000000108
Event: 1309.325 Thread 0x000001f2dc07b4a0 Uncommon trap: reason=profile_predicate action=maybe_recompile pc=0x000001f28874c3a8 method=org.eclipse.jdt.core.compiler.CharOperation.splitAndTrimOn(C[C)[[C @ 175 c2
Event: 1309.325 Thread 0x000001f2dc07b4a0 DEOPT PACKING pc=0x000001f28874c3a8 sp=0x00000009c68fe960
Event: 1309.325 Thread 0x000001f2dc07b4a0 DEOPT UNPACKING pc=0x000001f2874a3aa2 sp=0x00000009c68fe8c8 mode 2
Event: 1309.325 Thread 0x000001f2dc07b4a0 Uncommon trap: trap_request=0xffffffbe fr.pc=0x000001f28874c3a8 relative=0x0000000000000108
Event: 1309.325 Thread 0x000001f2dc07b4a0 Uncommon trap: reason=profile_predicate action=maybe_recompile pc=0x000001f28874c3a8 method=org.eclipse.jdt.core.compiler.CharOperation.splitAndTrimOn(C[C)[[C @ 175 c2
Event: 1309.325 Thread 0x000001f2dc07b4a0 DEOPT PACKING pc=0x000001f28874c3a8 sp=0x00000009c68fe960
Event: 1309.325 Thread 0x000001f2dc07b4a0 DEOPT UNPACKING pc=0x000001f2874a3aa2 sp=0x00000009c68fe8c8 mode 2

Classes loaded (20 events):
Event: 362.348 Loading class java/util/stream/Nodes$CollectorTask done
Event: 362.348 Loading class java/util/stream/Nodes$CollectorTask$OfRef done
Event: 362.348 Loading class java/util/function/LongFunction
Event: 362.348 Loading class java/util/function/LongFunction done
Event: 362.348 Loading class java/util/stream/Nodes$ConcNode
Event: 362.349 Loading class java/util/stream/Nodes$AbstractConcNode
Event: 362.349 Loading class java/util/stream/Nodes$AbstractConcNode done
Event: 362.349 Loading class java/util/stream/Nodes$ConcNode done
Event: 362.403 Loading class java/io/ObjectOutputStream$BlockDataOutputStream
Event: 362.403 Loading class java/io/ObjectOutputStream$BlockDataOutputStream done
Event: 362.404 Loading class java/io/ObjectOutputStream$HandleTable
Event: 362.404 Loading class java/io/ObjectOutputStream$HandleTable done
Event: 362.404 Loading class java/io/ObjectOutputStream$ReplaceTable
Event: 362.404 Loading class java/io/ObjectOutputStream$ReplaceTable done
Event: 362.803 Loading class jdk/internal/module/IllegalAccessLogger
Event: 362.803 Loading class jdk/internal/module/IllegalAccessLogger done
Event: 461.350 Loading class java/util/function/IntPredicate
Event: 461.350 Loading class java/util/function/IntPredicate done
Event: 461.363 Loading class java/util/regex/Pattern$Bound
Event: 461.363 Loading class java/util/regex/Pattern$Bound done

Classes unloaded (7 events):
Event: 7.018 Thread 0x000001f2fa474990 Unloading class 0x000001f2941ad000 'java/lang/invoke/LambdaForm$MH+0x000001f2941ad000'
Event: 7.018 Thread 0x000001f2fa474990 Unloading class 0x000001f2941acc00 'java/lang/invoke/LambdaForm$MH+0x000001f2941acc00'
Event: 7.018 Thread 0x000001f2fa474990 Unloading class 0x000001f2941ac800 'java/lang/invoke/LambdaForm$MH+0x000001f2941ac800'
Event: 7.018 Thread 0x000001f2fa474990 Unloading class 0x000001f2941ac400 'java/lang/invoke/LambdaForm$MH+0x000001f2941ac400'
Event: 7.018 Thread 0x000001f2fa474990 Unloading class 0x000001f2941ac000 'java/lang/invoke/LambdaForm$BMH+0x000001f2941ac000'
Event: 7.018 Thread 0x000001f2fa474990 Unloading class 0x000001f2941abc00 'java/lang/invoke/LambdaForm$DMH+0x000001f2941abc00'
Event: 7.018 Thread 0x000001f2fa474990 Unloading class 0x000001f2941aac00 'java/lang/invoke/LambdaForm$DMH+0x000001f2941aac00'

Classes redefined (0 events):
No events

Internal exceptions (20 events):
Event: 62.990 Thread 0x000001f2d9f64390 Exception <a 'java/lang/NoSuchMethodError'{0x00000000d55d8520}: 'java.lang.Object java.lang.invoke.DirectMethodHandle$Holder.invokeSpecial(java.lang.Object, java.lang.Object, java.lang.Object, int, java.lang.Object, java.lang.Object, java.lang.Object)'> (0x00000000d55d8520) 
thrown [s\src\hotspot\share\interpreter\linkResolver.cpp, line 773]
Event: 62.992 Thread 0x000001f2d9f64390 Exception <a 'java/lang/NoSuchMethodError'{0x00000000d55e0ce0}: 'java.lang.Object java.lang.invoke.DirectMethodHandle$Holder.invokeStatic(java.lang.Object, java.lang.Object, int, java.lang.Object, java.lang.Object)'> (0x00000000d55e0ce0) 
thrown [s\src\hotspot\share\interpreter\linkResolver.cpp, line 773]
Event: 63.006 Thread 0x000001f2d9f64390 Exception <a 'java/lang/NoSuchMethodError'{0x00000000d56982a8}: 'void java.lang.invoke.DirectMethodHandle$Holder.invokeStatic(java.lang.Object, int)'> (0x00000000d56982a8) 
thrown [s\src\hotspot\share\interpreter\linkResolver.cpp, line 773]
Event: 63.085 Thread 0x000001f2d9f64390 Exception <a 'java/io/FileNotFoundException'{0x00000000d5736050}> (0x00000000d5736050) 
thrown [s\src\hotspot\share\prims\jni.cpp, line 520]
Event: 63.085 Thread 0x000001f2d9f64390 Exception <a 'java/io/FileNotFoundException'{0x00000000d57372e0}> (0x00000000d57372e0) 
thrown [s\src\hotspot\share\prims\jni.cpp, line 520]
Event: 63.086 Thread 0x000001f2d9f64390 Exception <a 'java/io/FileNotFoundException'{0x00000000d5738508}> (0x00000000d5738508) 
thrown [s\src\hotspot\share\prims\jni.cpp, line 520]
Event: 63.115 Thread 0x000001f2d9f64390 Implicit null exception at 0x000001f2882a8395 to 0x000001f2882a8984
Event: 63.152 Thread 0x000001f2d9f64390 Implicit null exception at 0x000001f287edfe1f to 0x000001f287ee0acc
Event: 63.417 Thread 0x000001f2d9f650b0 Implicit null exception at 0x000001f288498177 to 0x000001f288499bcc
Event: 362.392 Thread 0x000001f2d9f64390 Exception <a 'sun/nio/fs/WindowsException'{0x00000000d55adac0}> (0x00000000d55adac0) 
thrown [s\src\hotspot\share\prims\jni.cpp, line 520]
Event: 362.392 Thread 0x000001f2d9f64390 Exception <a 'sun/nio/fs/WindowsException'{0x00000000d55ae5c0}> (0x00000000d55ae5c0) 
thrown [s\src\hotspot\share\prims\jni.cpp, line 520]
Event: 362.394 Thread 0x000001f2d9f64390 Implicit null exception at 0x000001f2884a0d0d to 0x000001f2884a107c
Event: 362.456 Thread 0x000001f2d9f64390 Exception <a 'java/lang/NoSuchMethodError'{0x00000000d564b220}: static [J.<clinit>()V> (0x00000000d564b220) 
thrown [s\src\hotspot\share\prims\jni.cpp, line 1111]
Event: 362.470 Thread 0x000001f2d9f64390 Exception <a 'java/lang/NoSuchMethodError'{0x00000000d567b3d8}: 'java.lang.Object java.lang.invoke.DirectMethodHandle$Holder.newInvokeSpecial(java.lang.Object, java.lang.Object, java.lang.Object, java.lang.Object, java.lang.Object, java.lang.Object, java.lang.Object, java.lang.Object)'> (0x00000000d567b3d8) 
thrown [s\src\hotspot\share\interpreter\linkResolver.cpp, line 773]
Event: 461.109 Thread 0x000001f2dbdf4e40 Exception <a 'java/lang/IncompatibleClassChangeError'{0x00000000d57b5e00}: Found class java.lang.Object, but interface was expected> (0x00000000d57b5e00) 
thrown [s\src\hotspot\share\interpreter\linkResolver.cpp, line 840]
Event: 461.351 Thread 0x000001f2dbdf9d00 Exception <a 'java/lang/NoSuchMethodError'{0x00000000d560fdf0}: 'int java.lang.invoke.DirectMethodHandle$Holder.invokeStaticInit(java.lang.Object, int)'> (0x00000000d560fdf0) 
thrown [s\src\hotspot\share\interpreter\linkResolver.cpp, line 773]
Event: 463.492 Thread 0x000001f2dbdf82c0 Exception <a 'java/lang/ArrayIndexOutOfBoundsException'{0x00000000d55ee028}> (0x00000000d55ee028) 
thrown [s\src\hotspot\share\runtime\sharedRuntime.cpp, line 625]
Event: 465.348 Thread 0x000001f2dc07d570 Exception <a 'java/lang/ArrayIndexOutOfBoundsException'{0x00000000d569f0b0}> (0x00000000d569f0b0) 
thrown [s\src\hotspot\share\runtime\sharedRuntime.cpp, line 625]
Event: 662.862 Thread 0x000001f2d9f62fe0 Exception <a 'sun/nio/fs/WindowsException'{0x00000000d5616708}> (0x00000000d5616708) 
thrown [s\src\hotspot\share\prims\jni.cpp, line 520]
Event: 662.863 Thread 0x000001f2d9f62fe0 Exception <a 'sun/nio/fs/WindowsException'{0x00000000d5617450}> (0x00000000d5617450) 
thrown [s\src\hotspot\share\prims\jni.cpp, line 520]

ZGC Phase Switch (0 events):
No events

VM Operations (20 events):
Event: 1923.911 Executing non-safepoint VM operation: RendezvousGCThreads
Event: 1923.911 Executing non-safepoint VM operation: RendezvousGCThreads done
Event: 1983.954 Executing non-safepoint VM operation: HandshakeAllThreads (HandshakeForDeflation)
Event: 1983.954 Executing non-safepoint VM operation: HandshakeAllThreads (HandshakeForDeflation) done
Event: 1983.954 Executing non-safepoint VM operation: RendezvousGCThreads
Event: 1983.954 Executing non-safepoint VM operation: RendezvousGCThreads done
Event: 2044.132 Executing non-safepoint VM operation: HandshakeAllThreads (HandshakeForDeflation)
Event: 2044.132 Executing non-safepoint VM operation: HandshakeAllThreads (HandshakeForDeflation) done
Event: 2044.132 Executing non-safepoint VM operation: RendezvousGCThreads
Event: 2044.132 Executing non-safepoint VM operation: RendezvousGCThreads done
Event: 2106.671 Executing safepoint VM operation: Cleanup
Event: 2106.671 Executing safepoint VM operation: Cleanup done
Event: 2164.569 Executing non-safepoint VM operation: HandshakeAllThreads (HandshakeForDeflation)
Event: 2164.570 Executing non-safepoint VM operation: HandshakeAllThreads (HandshakeForDeflation) done
Event: 2164.570 Executing non-safepoint VM operation: RendezvousGCThreads
Event: 2164.570 Executing non-safepoint VM operation: RendezvousGCThreads done
Event: 2284.794 Executing non-safepoint VM operation: HandshakeAllThreads (HandshakeForDeflation)
Event: 2284.794 Executing non-safepoint VM operation: HandshakeAllThreads (HandshakeForDeflation) done
Event: 2284.794 Executing non-safepoint VM operation: RendezvousGCThreads
Event: 2284.794 Executing non-safepoint VM operation: RendezvousGCThreads done

Memory protections (0 events):
No events

Nmethod flushes (20 events):
Event: 37.510 Thread 0x000001f2fa474990 flushing osr nmethod 0x000001f28090eb10
Event: 37.510 Thread 0x000001f2fa474990 flushing osr nmethod 0x000001f280944b90
Event: 37.510 Thread 0x000001f2fa474990 flushing osr nmethod 0x000001f280947b90
Event: 37.510 Thread 0x000001f2fa474990 flushing  nmethod 0x000001f280961210
Event: 37.510 Thread 0x000001f2fa474990 flushing  nmethod 0x000001f280983810
Event: 37.510 Thread 0x000001f2fa474990 flushing  nmethod 0x000001f280995e10
Event: 37.510 Thread 0x000001f2fa474990 flushing  nmethod 0x000001f280997110
Event: 37.510 Thread 0x000001f2fa474990 flushing  nmethod 0x000001f28099ea90
Event: 37.510 Thread 0x000001f2fa474990 flushing  nmethod 0x000001f2809a9a10
Event: 37.510 Thread 0x000001f2fa474990 flushing  nmethod 0x000001f2809cc910
Event: 37.510 Thread 0x000001f2fa474990 flushing  nmethod 0x000001f2809cd010
Event: 37.510 Thread 0x000001f2fa474990 flushing  nmethod 0x000001f2809cd610
Event: 37.510 Thread 0x000001f2fa474990 flushing  nmethod 0x000001f2809cde90
Event: 37.510 Thread 0x000001f2fa474990 flushing  nmethod 0x000001f2809ce210
Event: 37.510 Thread 0x000001f2fa474990 flushing  nmethod 0x000001f2809cfc90
Event: 37.510 Thread 0x000001f2fa474990 flushing  nmethod 0x000001f2809d9090
Event: 37.510 Thread 0x000001f2fa474990 flushing  nmethod 0x000001f2809e0590
Event: 37.510 Thread 0x000001f2fa474990 flushing  nmethod 0x000001f2809f9590
Event: 37.510 Thread 0x000001f2fa474990 flushing  nmethod 0x000001f280a1ce90
Event: 37.510 Thread 0x000001f2fa474990 flushing  nmethod 0x000001f280a27c90

Events (20 events):
Event: 662.864 Thread 0x000001f2d9f62fe0 Thread added: 0x000001f2dc07c850
Event: 662.875 Thread 0x000001f2ff293560 Thread added: 0x000001f2dbabe420
Event: 662.878 Thread 0x000001f2dc07c850 Thread exited: 0x000001f2dc07c850
Event: 662.878 Thread 0x000001f2ff293560 Thread added: 0x000001f2dbabeaf0
Event: 668.042 Thread 0x000001f2dbabe420 Thread exited: 0x000001f2dbabe420
Event: 668.042 Thread 0x000001f2dbabeaf0 Thread exited: 0x000001f2dbabeaf0
Event: 677.644 Thread 0x000001f2dbdf82c0 Thread exited: 0x000001f2dbdf82c0
Event: 737.655 Thread 0x000001f2dc07dc00 Thread exited: 0x000001f2dc07dc00
Event: 752.256 Thread 0x000001f2dbdf4e40 Thread added: 0x000001f2dc07b4a0
Event: 763.448 Thread 0x000001f2dd908aa0 Thread exited: 0x000001f2dd908aa0
Event: 812.270 Thread 0x000001f2dc07b4a0 Thread exited: 0x000001f2dc07b4a0
Event: 872.379 Thread 0x000001f2dbdf4e40 Thread added: 0x000001f2dc07c850
Event: 932.387 Thread 0x000001f2dc07c850 Thread exited: 0x000001f2dc07c850
Event: 1063.457 Thread 0x000001f2dbdfbdd0 Thread exited: 0x000001f2dbdfbdd0
Event: 1254.376 Thread 0x000001f2dbdf4e40 Thread added: 0x000001f2dc07b4a0
Event: 1363.459 Thread 0x000001f2dbdfb0b0 Thread exited: 0x000001f2dbdfb0b0
Event: 1450.998 Thread 0x000001f2dc07b4a0 Thread exited: 0x000001f2dc07b4a0
Event: 1663.462 Thread 0x000001f2dd909e50 Thread exited: 0x000001f2dd909e50
Event: 1963.475 Thread 0x000001f2dbdf6880 Thread exited: 0x000001f2dbdf6880
Event: 2263.487 Thread 0x000001f2dbdf75a0 Thread exited: 0x000001f2dbdf75a0


Dynamic libraries:
0x00007ff734280000 - 0x00007ff73428e000 	c:\Users\thao\.vscode\extensions\redhat.java-1.55.0-win32-x64\jre\21.0.11-win32-x86_64\bin\java.exe
0x00007ffe1dda0000 - 0x00007ffe1e006000 	C:\WINDOWS\SYSTEM32\ntdll.dll
0x00007ffe1cbe0000 - 0x00007ffe1cca9000 	C:\WINDOWS\System32\KERNEL32.DLL
0x00007ffe1b600000 - 0x00007ffe1b9fe000 	C:\WINDOWS\System32\KERNELBASE.dll
0x00007ffe17840000 - 0x00007ffe178e0000 	C:\WINDOWS\SYSTEM32\apphelp.dll
0x00007ffe1afc0000 - 0x00007ffe1b10c000 	C:\WINDOWS\System32\ucrtbase.dll
0x00007ffe0c1d0000 - 0x00007ffe0c1e8000 	c:\Users\thao\.vscode\extensions\redhat.java-1.55.0-win32-x64\jre\21.0.11-win32-x86_64\bin\jli.dll
0x00007ffe0c1b0000 - 0x00007ffe0c1ce000 	c:\Users\thao\.vscode\extensions\redhat.java-1.55.0-win32-x64\jre\21.0.11-win32-x86_64\bin\VCRUNTIME140.dll
0x00007ffe1bf80000 - 0x00007ffe1c147000 	C:\WINDOWS\System32\USER32.dll
0x00007ffe1b390000 - 0x00007ffe1b3b7000 	C:\WINDOWS\System32\win32u.dll
0x00007ffdfac00000 - 0x00007ffdfae92000 	C:\WINDOWS\WinSxS\amd64_microsoft.windows.common-controls_6595b64144ccf1df_6.0.26100.8875_none_3e0d5d42e32fe9dd\COMCTL32.dll
0x00007ffe1d3b0000 - 0x00007ffe1d3db000 	C:\WINDOWS\System32\GDI32.dll
0x00007ffe1d400000 - 0x00007ffe1d4a9000 	C:\WINDOWS\System32\msvcrt.dll
0x00007ffe1b120000 - 0x00007ffe1b24a000 	C:\WINDOWS\System32\gdi32full.dll
0x00007ffe1b250000 - 0x00007ffe1b2f3000 	C:\WINDOWS\System32\msvcp_win.dll
0x00007ffe1c1c0000 - 0x00007ffe1c1f2000 	C:\WINDOWS\System32\IMM32.DLL
0x00007ffe0cbf0000 - 0x00007ffe0cbfc000 	c:\Users\thao\.vscode\extensions\redhat.java-1.55.0-win32-x64\jre\21.0.11-win32-x86_64\bin\vcruntime140_1.dll
0x00007ffddad10000 - 0x00007ffddad9d000 	c:\Users\thao\.vscode\extensions\redhat.java-1.55.0-win32-x64\jre\21.0.11-win32-x86_64\bin\msvcp140.dll
0x00007ffd2d430000 - 0x00007ffd2e1d2000 	c:\Users\thao\.vscode\extensions\redhat.java-1.55.0-win32-x64\jre\21.0.11-win32-x86_64\bin\server\jvm.dll
0x00007ffe1bec0000 - 0x00007ffe1bf77000 	C:\WINDOWS\System32\ADVAPI32.dll
0x00007ffe1ced0000 - 0x00007ffe1cf7a000 	C:\WINDOWS\System32\sechost.dll
0x00007ffe1ccb0000 - 0x00007ffe1cdc8000 	C:\WINDOWS\System32\RPCRT4.dll
0x00007ffe1bd20000 - 0x00007ffe1bda0000 	C:\WINDOWS\System32\WS2_32.dll
0x00007ffe12130000 - 0x00007ffe12166000 	C:\WINDOWS\SYSTEM32\WINMM.dll
0x00007ffe05420000 - 0x00007ffe0542b000 	C:\WINDOWS\SYSTEM32\VERSION.dll
0x00007ffe1ae20000 - 0x00007ffe1ae7e000 	C:\WINDOWS\SYSTEM32\POWRPROF.dll
0x00007ffe1ae00000 - 0x00007ffe1ae14000 	C:\WINDOWS\SYSTEM32\UMPDC.dll
0x00007ffe19ca0000 - 0x00007ffe19cbb000 	C:\WINDOWS\SYSTEM32\kernel.appcore.dll
0x00007ffe0c660000 - 0x00007ffe0c66a000 	c:\Users\thao\.vscode\extensions\redhat.java-1.55.0-win32-x64\jre\21.0.11-win32-x86_64\bin\jimage.dll
0x00007ffe18750000 - 0x00007ffe18992000 	C:\WINDOWS\SYSTEM32\DBGHELP.DLL
0x00007ffe1d9d0000 - 0x00007ffe1dd53000 	C:\WINDOWS\System32\combase.dll
0x00007ffe1ca00000 - 0x00007ffe1cad9000 	C:\WINDOWS\System32\OLEAUT32.dll
0x00007ffdf8070000 - 0x00007ffdf80ab000 	C:\WINDOWS\SYSTEM32\dbgcore.DLL
0x00007ffe1b540000 - 0x00007ffe1b5ec000 	C:\WINDOWS\System32\bcryptPrimitives.dll
0x00007ffe0c1a0000 - 0x00007ffe0c1af000 	c:\Users\thao\.vscode\extensions\redhat.java-1.55.0-win32-x64\jre\21.0.11-win32-x86_64\bin\instrument.dll
0x00007ffe0b170000 - 0x00007ffe0b190000 	c:\Users\thao\.vscode\extensions\redhat.java-1.55.0-win32-x64\jre\21.0.11-win32-x86_64\bin\java.dll
0x00007ffe1c260000 - 0x00007ffe1c9f2000 	C:\WINDOWS\System32\SHELL32.dll
0x00007ffe18a40000 - 0x00007ffe192d2000 	C:\WINDOWS\SYSTEM32\windows.storage.dll
0x00007ffe1cae0000 - 0x00007ffe1cbd7000 	C:\WINDOWS\System32\SHCORE.dll
0x00007ffe1bdb0000 - 0x00007ffe1be17000 	C:\WINDOWS\System32\shlwapi.dll
0x00007ffe1aee0000 - 0x00007ffe1af09000 	C:\WINDOWS\SYSTEM32\profapi.dll
0x00007ffe0b130000 - 0x00007ffe0b148000 	c:\Users\thao\.vscode\extensions\redhat.java-1.55.0-win32-x64\jre\21.0.11-win32-x86_64\bin\zip.dll
0x00007ffe0a570000 - 0x00007ffe0a580000 	C:\Users\thao\.vscode\extensions\redhat.java-1.55.0-win32-x64\jre\21.0.11-win32-x86_64\bin\net.dll
0x00007ffe15610000 - 0x00007ffe15737000 	C:\WINDOWS\SYSTEM32\WINHTTP.dll
0x00007ffe1a250000 - 0x00007ffe1a2bc000 	C:\WINDOWS\system32\mswsock.dll
0x00007ffe0a270000 - 0x00007ffe0a286000 	C:\Users\thao\.vscode\extensions\redhat.java-1.55.0-win32-x64\jre\21.0.11-win32-x86_64\bin\nio.dll
0x00007ffe0a560000 - 0x00007ffe0a570000 	c:\Users\thao\.vscode\extensions\redhat.java-1.55.0-win32-x64\jre\21.0.11-win32-x86_64\bin\verify.dll
0x00007ffe06110000 - 0x00007ffe06155000 	C:\Users\thao\AppData\Roaming\Code\User\globalStorage\redhat.java\1.55.0\config_win\org.eclipse.equinox.launcher\org.eclipse.equinox.launcher.win32.win32.x86_64_1.3.100.v20260613-0559\eclipse_11924.dll
0x00007ffe1cfb0000 - 0x00007ffe1d149000 	C:\WINDOWS\System32\ole32.dll
0x00007ffe1a550000 - 0x00007ffe1a56b000 	C:\WINDOWS\SYSTEM32\CRYPTSP.dll
0x00007ffe19c00000 - 0x00007ffe19c39000 	C:\WINDOWS\system32\rsaenh.dll
0x00007ffe1a310000 - 0x00007ffe1a342000 	C:\WINDOWS\SYSTEM32\USERENV.dll
0x00007ffe1aeb0000 - 0x00007ffe1aeda000 	C:\WINDOWS\SYSTEM32\bcrypt.dll
0x00007ffe1a570000 - 0x00007ffe1a57c000 	C:\WINDOWS\SYSTEM32\CRYPTBASE.dll
0x00007ffe197a0000 - 0x00007ffe197d3000 	C:\WINDOWS\SYSTEM32\IPHLPAPI.DLL
0x00007ffe1beb0000 - 0x00007ffe1beba000 	C:\WINDOWS\System32\NSI.dll
0x00007ffdfcda0000 - 0x00007ffdfcde9000 	C:\Users\thao\AppData\Local\Temp\jna-3558818\jna6158880562919300656.dll
0x00007ffe1d3e0000 - 0x00007ffe1d3e8000 	C:\WINDOWS\System32\PSAPI.DLL
0x00007ffe15970000 - 0x00007ffe1598d000 	C:\WINDOWS\SYSTEM32\dhcpcsvc6.DLL
0x00007ffe158c0000 - 0x00007ffe158e5000 	C:\WINDOWS\SYSTEM32\dhcpcsvc.DLL
0x00007ffe09f60000 - 0x00007ffe09f6e000 	C:\Users\thao\.vscode\extensions\redhat.java-1.55.0-win32-x64\jre\21.0.11-win32-x86_64\bin\sunmscapi.dll
0x00007ffe1b3c0000 - 0x00007ffe1b538000 	C:\WINDOWS\System32\CRYPT32.dll
0x00007ffe1a790000 - 0x00007ffe1a7c0000 	C:\WINDOWS\SYSTEM32\ncrypt.dll
0x00007ffe1a740000 - 0x00007ffe1a77f000 	C:\WINDOWS\SYSTEM32\NTASN1.dll

JVMTI agents:
c:\Users\thao\.vscode\extensions\redhat.java-1.55.0-win32-x64\lombok\lombok-1.18.39-4050.jar path:c:\Users\thao\.vscode\extensions\redhat.java-1.55.0-win32-x64\jre\21.0.11-win32-x86_64\bin\instrument.dll, loaded, initialized, instrumentlib options:none

dbghelp: loaded successfully - version: 4.0.5 - missing functions: none
symbol engine: initialized successfully - sym options: 0x614 - pdb path: .;c:\Users\thao\.vscode\extensions\redhat.java-1.55.0-win32-x64\jre\21.0.11-win32-x86_64\bin;C:\WINDOWS\SYSTEM32;C:\WINDOWS\WinSxS\amd64_microsoft.windows.common-controls_6595b64144ccf1df_6.0.26100.8875_none_3e0d5d42e32fe9dd;c:\Users\thao\.vscode\extensions\redhat.java-1.55.0-win32-x64\jre\21.0.11-win32-x86_64\bin\server;C:\Users\thao\AppData\Roaming\Code\User\globalStorage\redhat.java\1.55.0\config_win\org.eclipse.equinox.launcher\org.eclipse.equinox.launcher.win32.win32.x86_64_1.3.100.v20260613-0559;C:\Users\thao\AppData\Local\Temp\jna-3558818

VM Arguments:
jvm_args: --add-modules=ALL-SYSTEM --add-opens=java.base/java.util=ALL-UNNAMED --add-opens=java.base/java.lang=ALL-UNNAMED --add-opens=java.base/sun.nio.fs=ALL-UNNAMED -Declipse.application=org.eclipse.jdt.ls.core.id1 -Dosgi.bundles.defaultStartLevel=4 -Declipse.product=org.eclipse.jdt.ls.core.product -Djava.import.generatesMetadataFilesAtProjectRoot=false -DDetectVMInstallationsJob.disabled=true -Dfile.encoding=utf8 -XX:+UseParallelGC -XX:GCTimeRatio=4 -XX:AdaptiveSizePolicyWeight=90 -Dsun.zip.disableMemoryMapping=true -Xmx2G -Xms100m -Xlog:disable -javaagent:c:\Users\thao\.vscode\extensions\redhat.java-1.55.0-win32-x64\lombok\lombok-1.18.39-4050.jar -XX:+HeapDumpOnOutOfMemoryError -XX:HeapDumpPath=c:\Users\thao\AppData\Roaming\Code\User\workspaceStorage\fdf4b18b8c8391e983e1f24bcb8bbfbd\redhat.java -Daether.dependencyCollector.impl=bf 
java_command: c:\Users\thao\.vscode\extensions\redhat.java-1.55.0-win32-x64\server\plugins\org.eclipse.equinox.launcher_1.7.200.v20260619-2039.jar -configuration c:\Users\thao\AppData\Roaming\Code\User\globalStorage\redhat.java\1.55.0\config_win -data c:\Users\thao\AppData\Roaming\Code\User\workspaceStorage\fdf4b18b8c8391e983e1f24bcb8bbfbd\redhat.java\jdt_ws --pipe=\\.\pipe\lsp-fb79a2eb224f802b6a142ddf8c3d6bbd-sock
java_class_path (initial): c:\Users\thao\.vscode\extensions\redhat.java-1.55.0-win32-x64\server\plugins\org.eclipse.equinox.launcher_1.7.200.v20260619-2039.jar
Launcher Type: SUN_STANDARD

[Global flags]
    uintx AdaptiveSizePolicyWeight                 = 90                                        {product} {command line}
     intx CICompilerCount                          = 12                                        {product} {ergonomic}
    uintx GCTimeRatio                              = 4                                         {product} {command line}
     bool HeapDumpOnOutOfMemoryError               = true                                   {manageable} {command line}
    ccstr HeapDumpPath                             = c:\Users\thao\AppData\Roaming\Code\User\workspaceStorage\fdf4b18b8c8391e983e1f24bcb8bbfbd\redhat.java         {manageable} {command line}
   size_t InitialHeapSize                          = 104857600                                 {product} {command line}
   size_t MaxHeapSize                              = 2147483648                                {product} {command line}
   size_t MaxNewSize                               = 715653120                                 {product} {ergonomic}
   size_t MinHeapDeltaBytes                        = 524288                                    {product} {ergonomic}
   size_t MinHeapSize                              = 104857600                                 {product} {command line}
   size_t NewSize                                  = 34603008                                  {product} {ergonomic}
    uintx NonNMethodCodeHeapSize                   = 7602480                                {pd product} {ergonomic}
    uintx NonProfiledCodeHeapSize                  = 122027880                              {pd product} {ergonomic}
   size_t OldSize                                  = 70254592                                  {product} {ergonomic}
    uintx ProfiledCodeHeapSize                     = 122027880                              {pd product} {ergonomic}
    uintx ReservedCodeCacheSize                    = 251658240                              {pd product} {ergonomic}
     bool SegmentedCodeCache                       = true                                      {product} {ergonomic}
   size_t SoftMaxHeapSize                          = 2147483648                             {manageable} {ergonomic}
     bool UseCompressedOops                        = true                           {product lp64_product} {ergonomic}
     bool UseLargePagesIndividualAllocation        = false                                  {pd product} {ergonomic}
     bool UseParallelGC                            = true                                      {product} {command line}

Logging:
Log output configuration:
 #0: stdout all=off uptime,level,tags foldmultilines=false
 #1: stderr all=off uptime,level,tags foldmultilines=false

Release file:
JAVA_VERSION="21.0.11" 
MODULES="java.base java.compiler java.datatransfer java.xml java.prefs java.desktop java.instrument java.logging java.management java.security.sasl java.naming java.rmi java.management.rmi java.net.http java.scripting java.security.jgss java.transaction.xa java.sql java.sql.rowset java.xml.crypto java.se java.smartcardio jdk.accessibility jdk.internal.jvmstat jdk.attach jdk.charsets jdk.internal.opt jdk.zipfs jdk.compiler jdk.crypto.ec jdk.crypto.cryptoki jdk.crypto.mscapi jdk.dynalink jdk.internal.ed jdk.editpad jdk.hotspot.agent jdk.httpserver jdk.internal.le jdk.internal.vm.ci jdk.internal.vm.compiler jdk.internal.vm.compiler.management jdk.jartool jdk.javadoc jdk.jcmd jdk.management jdk.management.agent jdk.jconsole jdk.jdeps jdk.jdwp.agent jdk.jdi jdk.jfr jdk.jshell jdk.jsobject jdk.jstatd jdk.localedata jdk.management.jfr jdk.naming.dns jdk.naming.rmi jdk.net jdk.nio.mapmode jdk.random jdk.sctp jdk.security.auth jdk.security.jgss jdk.unsupported jdk.unsupported.desktop jdk.xml.dom" 

Environment Variables:
PATH=C:\Program Files (x86)\VMware\VMware Player\bin\;C:\Program Files\Common Files\Oracle\Java\javapath;C:\WINDOWS\system32;C:\WINDOWS;C:\WINDOWS\System32\Wbem;C:\WINDOWS\System32\WindowsPowerShell\v1.0\;C:\WINDOWS\System32\OpenSSH\;C:\Program Files (x86)\Microsoft SQL Server\160\Tools\Binn\;C:\Program Files\Microsoft SQL Server\160\Tools\Binn\;C:\Program Files\Microsoft SQL Server\Client SDK\ODBC\170\Tools\Binn\;C:\Program Files\Microsoft SQL Server\160\DTS\Binn\;C:\Program Files\Azure Data Studio\bin;C:\Program Files (x86)\Microsoft SQL Server\160\DTS\Binn\;C:\Program Files\Java\jdk-21\bin;C:\Program Files\Microsoft SQL Server\150\Tools\Binn\;C:\Program Files\dotnet\;C:\Program Files (x86)\Windows Kits\10\Windows Performance Toolkit\;C:\Program Files\Git\cmd;C:\Users\thao\AppData\Roaming\nvm;C:\Program Files\nodejs;C:\Program Files\CMake\bin;C:\maven\bin;C:\Program Files\PuTTY\;C:\xampp\php;C:\ProgramData\ComposerSetup\bin;C:\Program Files\Docker\Docker\resources\bin;C:\Program Files\Amazon\AWSCLI\bin\;C:\Program Files\nodejs\;C:\Users\thao\AppData\Local\Programs\Python\Launcher\;C:\Users\thao\AppData\Local\Microsoft\WindowsApps;C:\Users\thao\AppData\Local\Programs\Microsoft VS Code\bin;C:\Users\thao\.dotnet\tools;C:\Users\thao\AppData\Roaming\nvm;C:\Program Files\nodejs;C:\Users\thao\flutter\bin;C:\Users\thao\AppData\Roaming\Composer\vendor\bin;C:\Users\thao\AppData\Roaming\npm;C:\Users\thao\AppData\Local\Programs\Antigravity IDE\bin
USERNAME=thao
OS=Windows_NT
PROCESSOR_IDENTIFIER=Intel64 Family 6 Model 186 Stepping 2, GenuineIntel
TMP=C:\Users\thao\AppData\Local\Temp
TEMP=C:\Users\thao\AppData\Local\Temp




Periodic native trim disabled

---------------  S Y S T E M  ---------------

OS:
 Windows 11 , 64 bit Build 26100 (10.0.26100.8875)
OS uptime: 0 days 2:07 hours
Hyper-V role detected

CPU: total 16 (initial active 16) (8 cores per cpu, 2 threads per core) family 6 model 186 stepping 2 microcode 0x410e, cx8, cmov, fxsr, ht, mmx, 3dnowpref, sse, sse2, sse3, ssse3, sse4.1, sse4.2, popcnt, lzcnt, tsc, tscinvbit, avx, avx2, aes, erms, clmul, bmi1, bmi2, adx, sha, fma, vzeroupper, clflush, clflushopt, clwb, hv, serialize, rdtscp, rdpid, fsrm, f16c, cet_ibt, cet_ss
Processor Information for processor 0
  Max Mhz: 2200, Current Mhz: 2200, Mhz Limit: 2200
Processor Information for processor 1
  Max Mhz: 2200, Current Mhz: 1466, Mhz Limit: 2200
Processor Information for processor 2
  Max Mhz: 2200, Current Mhz: 2200, Mhz Limit: 2200
Processor Information for processor 3
  Max Mhz: 2200, Current Mhz: 1466, Mhz Limit: 2200
Processor Information for processor 4
  Max Mhz: 2200, Current Mhz: 1466, Mhz Limit: 2200
Processor Information for processor 5
  Max Mhz: 2200, Current Mhz: 1466, Mhz Limit: 2200
Processor Information for processor 6
  Max Mhz: 2200, Current Mhz: 1466, Mhz Limit: 2200
Processor Information for processor 7
  Max Mhz: 2200, Current Mhz: 2200, Mhz Limit: 2200
Processor Information for processor 8
  Max Mhz: 2200, Current Mhz: 1600, Mhz Limit: 1584
Processor Information for processor 9
  Max Mhz: 2200, Current Mhz: 1600, Mhz Limit: 1584
Processor Information for processor 10
  Max Mhz: 2200, Current Mhz: 1600, Mhz Limit: 1584
Processor Information for processor 11
  Max Mhz: 2200, Current Mhz: 1600, Mhz Limit: 1584
Processor Information for processor 12
  Max Mhz: 2200, Current Mhz: 1600, Mhz Limit: 1584
Processor Information for processor 13
  Max Mhz: 2200, Current Mhz: 1600, Mhz Limit: 1584
Processor Information for processor 14
  Max Mhz: 2200, Current Mhz: 1600, Mhz Limit: 1584
Processor Information for processor 15
  Max Mhz: 2200, Current Mhz: 1600, Mhz Limit: 1584

Memory: 4k page, system-wide physical 16008M (1839M free)
TotalPageFile size 22484M (AvailPageFile size 6M)
current process WorkingSet (physical memory assigned to process): 302M, peak: 558M
current process commit charge ("private bytes"): 595M, peak: 645M

vm_info: OpenJDK 64-Bit Server VM (21.0.11+10-LTS) for windows-amd64 JRE (21.0.11+10-LTS), built on 2026-04-21T00:00:00Z by "admin" with MS VC++ 17.12 (VS2022)

END.
